
--- Signs ---
Signs for fixture.txt:
    line=2  id=3000  name=GitGutterLineAdded
