
--- Signs ---
Signs for fixture.txt:
    line=5  id=3000  name=GitGutterLineModified
