
--- Signs ---
Signs for fix[tu]re.txt:
    line=1  id=3000  name=GitGutterLineAdded
    line=2  id=3001  name=GitGutterLineAdded
