
--- Signs ---
Signs for fileAddedToGit.tmp:
    line=1  id=3000  name=GitGutterLineAdded
