
--- Signs ---
Signs for symlink:
    line=5  id=3000  name=GitGutterLineRemoved
