diff --git a/test/fixture.txt b/test/fixture.txt
index f5c6aff..ae8e546 100644
--- a/test/fixture.txt
+++ b/test/fixture.txt
@@ -2,7 +2,7 @@ a
 b
 c
 d
-e
+*e
 f
 g
 h
