
--- Signs ---
Signs for fixture.txt:
    line=1  id=3000  name=GitGutterLineModified
