
--- Signs ---
Signs for fixture.txt:
    line=6  id=3001  name=GitGutterLineAdded
