
--- Signs ---
Signs for fixture.txt:
    line=4  id=3000  name=GitGutterLineRemoved
