
--- Signs ---
Signs for fixture.txt:
    line=9999  id=2999  name=GitGutterDummy
